Archive member included to satisfy reference by file (symbol)

c:/programdata/matlab/supportpackages/r2023a/3p.instrset/gnuarm-armcortex.instrset/win/bin/../lib/gcc/arm-none-eabi/9.3.1/thumb/v7e-m+dp/hard\libgcc.a(_aeabi_uldivmod.o)
                              stm32f7xx_hal_rcc.o (__aeabi_uldivmod)
c:/programdata/matlab/supportpackages/r2023a/3p.instrset/gnuarm-armcortex.instrset/win/bin/../lib/gcc/arm-none-eabi/9.3.1/thumb/v7e-m+dp/hard\libgcc.a(_udivmoddi4.o)
                              c:/programdata/matlab/supportpackages/r2023a/3p.instrset/gnuarm-armcortex.instrset/win/bin/../lib/gcc/arm-none-eabi/9.3.1/thumb/v7e-m+dp/hard\libgcc.a(_aeabi_uldivmod.o) (__udivmoddi4)
c:/programdata/matlab/supportpackages/r2023a/3p.instrset/gnuarm-armcortex.instrset/win/bin/../lib/gcc/arm-none-eabi/9.3.1/thumb/v7e-m+dp/hard\libgcc.a(_dvmd_tls.o)
                              c:/programdata/matlab/supportpackages/r2023a/3p.instrset/gnuarm-armcortex.instrset/win/bin/../lib/gcc/arm-none-eabi/9.3.1/thumb/v7e-m+dp/hard\libgcc.a(_aeabi_uldivmod.o) (__aeabi_ldiv0)
c:/programdata/matlab/supportpackages/r2023a/3p.instrset/gnuarm-armcortex.instrset/win/bin/../lib/gcc/arm-none-eabi/9.3.1/../../../../arm-none-eabi/lib/thumb/v7e-m+dp/hard\libc_nano.a(lib_a-errno.o)
                              syscalls.o (__errno)
c:/programdata/matlab/supportpackages/r2023a/3p.instrset/gnuarm-armcortex.instrset/win/bin/../lib/gcc/arm-none-eabi/9.3.1/../../../../arm-none-eabi/lib/thumb/v7e-m+dp/hard\libc_nano.a(lib_a-exit.o)
                              c:/programdata/matlab/supportpackages/r2023a/3p.instrset/gnuarm-armcortex.instrset/win/bin/../lib/gcc/arm-none-eabi/9.3.1/../../../../arm-none-eabi/lib/thumb/v7e-m+dp/hard/crt0.o (exit)
c:/programdata/matlab/supportpackages/r2023a/3p.instrset/gnuarm-armcortex.instrset/win/bin/../lib/gcc/arm-none-eabi/9.3.1/../../../../arm-none-eabi/lib/thumb/v7e-m+dp/hard\libc_nano.a(lib_a-impure.o)
                              c:/programdata/matlab/supportpackages/r2023a/3p.instrset/gnuarm-armcortex.instrset/win/bin/../lib/gcc/arm-none-eabi/9.3.1/../../../../arm-none-eabi/lib/thumb/v7e-m+dp/hard\libc_nano.a(lib_a-exit.o) (_global_impure_ptr)
c:/programdata/matlab/supportpackages/r2023a/3p.instrset/gnuarm-armcortex.instrset/win/bin/../lib/gcc/arm-none-eabi/9.3.1/../../../../arm-none-eabi/lib/thumb/v7e-m+dp/hard\libc_nano.a(lib_a-init.o)
                              c:/programdata/matlab/supportpackages/r2023a/3p.instrset/gnuarm-armcortex.instrset/win/bin/../lib/gcc/arm-none-eabi/9.3.1/../../../../arm-none-eabi/lib/thumb/v7e-m+dp/hard/crt0.o (__libc_init_array)
c:/programdata/matlab/supportpackages/r2023a/3p.instrset/gnuarm-armcortex.instrset/win/bin/../lib/gcc/arm-none-eabi/9.3.1/../../../../arm-none-eabi/lib/thumb/v7e-m+dp/hard\libc_nano.a(lib_a-memcpy-stub.o)
                              stm_timer_ll.o (memcpy)
c:/programdata/matlab/supportpackages/r2023a/3p.instrset/gnuarm-armcortex.instrset/win/bin/../lib/gcc/arm-none-eabi/9.3.1/../../../../arm-none-eabi/lib/thumb/v7e-m+dp/hard\libc_nano.a(lib_a-memset.o)
                              c:/programdata/matlab/supportpackages/r2023a/3p.instrset/gnuarm-armcortex.instrset/win/bin/../lib/gcc/arm-none-eabi/9.3.1/../../../../arm-none-eabi/lib/thumb/v7e-m+dp/hard/crt0.o (memset)

Allocating common symbols
Common symbol       size              file

mw_tim1             0x8c              stm_timer_ll.o
stm32_gettingstarted_DW
                    0x18              stm32_gettingstarted.o
hpcd_USB_OTG_FS     0x404             main.o
uwTick              0x4               stm32f7xx_hal.o
pFlash              0x1c              stm32f7xx_hal_flash.o
htim5               0x4c              stm32f7xx_hal_timebase_tim.o
runModel            0x1               ert_main.o
taskToSchedule      0x4               m3m4m4f_multitasking.o
schdl_counter_max   0x4               SysTickScheduler.o
schdl_counter       0x4               SysTickScheduler.o
stopRequested       0x1               ert_main.o

Discarded input sections

 .text          0x00000000        0x0 c:/programdata/matlab/supportpackages/r2023a/3p.instrset/gnuarm-armcortex.instrset/win/bin/../lib/gcc/arm-none-eabi/9.3.1/thumb/v7e-m+dp/hard/crti.o
 .data          0x00000000        0x0 c:/programdata/matlab/supportpackages/r2023a/3p.instrset/gnuarm-armcortex.instrset/win/bin/../lib/gcc/arm-none-eabi/9.3.1/thumb/v7e-m+dp/hard/crti.o
 .bss           0x00000000        0x0 c:/programdata/matlab/supportpackages/r2023a/3p.instrset/gnuarm-armcortex.instrset/win/bin/../lib/gcc/arm-none-eabi/9.3.1/thumb/v7e-m+dp/hard/crti.o
 .data          0x00000000        0x4 c:/programdata/matlab/supportpackages/r2023a/3p.instrset/gnuarm-armcortex.instrset/win/bin/../lib/gcc/arm-none-eabi/9.3.1/thumb/v7e-m+dp/hard/crtbegin.o
 .text          0x00000000       0x7c c:/programdata/matlab/supportpackages/r2023a/3p.instrset/gnuarm-armcortex.instrset/win/bin/../lib/gcc/arm-none-eabi/9.3.1/../../../../arm-none-eabi/lib/thumb/v7e-m+dp/hard/crt0.o
[...]
Memory Configuration

Name             Origin             Length             Attributes
RAM              0x20000000         0x00080000         xrw
FLASH            0x08000000         0x00200000         xr
*default*        0x00000000         0xffffffff

Linker script and memory map

LOAD c:/programdata/matlab/supportpackages/r2023a/3p.instrset/gnuarm-armcortex.instrset/win/bin/../lib/gcc/arm-none-eabi/9.3.1/thumb/v7e-m+dp/hard/crti.o
LOAD c:/programdata/matlab/supportpackages/r2023a/3p.instrset/gnuarm-armcortex.instrset/win/bin/../lib/gcc/arm-none-eabi/9.3.1/thumb/v7e-m+dp/hard/crtbegin.o
LOAD c:/programdata/matlab/supportpackages/r2023a/3p.instrset/gnuarm-armcortex.instrset/win/bin/../lib/gcc/arm-none-eabi/9.3.1/../../../../arm-none-eabi/lib/thumb/v7e-m+dp/hard/crt0.o
LOAD stm_timer_ll.o
LOAD ert_main.o
LOAD stm32_gettingstarted.o
LOAD stm32_gettingstarted_data.o
LOAD overrideHALDelay.o
LOAD platform_timer.o
LOAD SysTickScheduler.o
LOAD m3m4m4f_multitasking.o
LOAD main.o
LOAD stm32f7xx_it.o
LOAD stm32f7xx_hal_msp.o
LOAD stm32f7xx_hal_timebase_tim.o
LOAD stm32f7xx_ll_gpio.o
LOAD stm32f7xx_ll_dma.o
LOAD stm32f7xx_hal_tim.o
LOAD stm32f7xx_hal_tim_ex.o
LOAD stm32f7xx_ll_tim.o
LOAD stm32f7xx_ll_rcc.o
LOAD stm32f7xx_ll_utils.o
LOAD stm32f7xx_ll_exti.o
LOAD stm32f7xx_hal_rcc.o
LOAD stm32f7xx_hal_rcc_ex.o
LOAD stm32f7xx_hal_flash.o
LOAD stm32f7xx_hal_flash_ex.o
LOAD stm32f7xx_hal_gpio.o
LOAD stm32f7xx_hal_dma.o
LOAD stm32f7xx_hal_dma_ex.o
LOAD stm32f7xx_hal_pwr.o
LOAD stm32f7xx_hal_pwr_ex.o
LOAD stm32f7xx_hal_cortex.o
LOAD stm32f7xx_hal.o
LOAD stm32f7xx_hal_i2c.o
LOAD stm32f7xx_hal_i2c_ex.o
LOAD stm32f7xx_hal_exti.o
LOAD stm32f7xx_ll_usart.o
LOAD stm32f7xx_hal_pcd.o
LOAD stm32f7xx_hal_pcd_ex.o
LOAD stm32f7xx_ll_usb.o
LOAD system_stm32f7xx.o
LOAD syscalls.o
LOAD sysmem.o
LOAD startup_stm32f767zitx.o
LOAD C:/ProgramData/MATLAB/SupportPackages/R2023a/3P.instrset/cmsis.instrset/CMSIS/DSP/Lib/GCC/libarm_cortexM7lfdp_math.a
LOAD C:/ProgramData/MATLAB/SupportPackages/R2023a/toolbox/shared/supportpackages/stm32/lib/GCC/libmw_pdmfilter_m7_dpfp.lib
LOAD c:/programdata/matlab/supportpackages/r2023a/3p.instrset/gnuarm-armcortex.instrset/win/bin/../lib/gcc/arm-none-eabi/9.3.1/../../../../arm-none-eabi/lib/thumb/v7e-m+dp/hard\libstdc++_nano.a
LOAD c:/programdata/matlab/supportpackages/r2023a/3p.instrset/gnuarm-armcortex.instrset/win/bin/../lib/gcc/arm-none-eabi/9.3.1/../../../../arm-none-eabi/lib/thumb/v7e-m+dp/hard\libm.a
START GROUP
LOAD c:/programdata/matlab/supportpackages/r2023a/3p.instrset/gnuarm-armcortex.instrset/win/bin/../lib/gcc/arm-none-eabi/9.3.1/thumb/v7e-m+dp/hard\libgcc.a
LOAD c:/programdata/matlab/supportpackages/r2023a/3p.instrset/gnuarm-armcortex.instrset/win/bin/../lib/gcc/arm-none-eabi/9.3.1/../../../../arm-none-eabi/lib/thumb/v7e-m+dp/hard\libc_nano.a
END GROUP
START GROUP
LOAD c:/programdata/matlab/supportpackages/r2023a/3p.instrset/gnuarm-armcortex.instrset/win/bin/../lib/gcc/arm-none-eabi/9.3.1/thumb/v7e-m+dp/hard\libgcc.a
LOAD c:/programdata/matlab/supportpackages/r2023a/3p.instrset/gnuarm-armcortex.instrset/win/bin/../lib/gcc/arm-none-eabi/9.3.1/../../../../arm-none-eabi/lib/thumb/v7e-m+dp/hard\libc_nano.a
LOAD c:/programdata/matlab/supportpackages/r2023a/3p.instrset/gnuarm-armcortex.instrset/win/bin/../lib/gcc/arm-none-eabi/9.3.1/../../../../arm-none-eabi/lib/thumb/v7e-m+dp/hard\libnosys.a
END GROUP
START GROUP
LOAD c:/programdata/matlab/supportpackages/r2023a/3p.instrset/gnuarm-armcortex.instrset/win/bin/../lib/gcc/arm-none-eabi/9.3.1/thumb/v7e-m+dp/hard\libgcc.a
LOAD c:/programdata/matlab/supportpackages/r2023a/3p.instrset/gnuarm-armcortex.instrset/win/bin/../lib/gcc/arm-none-eabi/9.3.1/../../../../arm-none-eabi/lib/thumb/v7e-m+dp/hard\libc_nano.a
LOAD c:/programdata/matlab/supportpackages/r2023a/3p.instrset/gnuarm-armcortex.instrset/win/bin/../lib/gcc/arm-none-eabi/9.3.1/../../../../arm-none-eabi/lib/thumb/v7e-m+dp/hard\libnosys.a
END GROUP
LOAD c:/programdata/matlab/supportpackages/r2023a/3p.instrset/gnuarm-armcortex.instrset/win/bin/../lib/gcc/arm-none-eabi/9.3.1/thumb/v7e-m+dp/hard/crtend.o
LOAD c:/programdata/matlab/supportpackages/r2023a/3p.instrset/gnuarm-armcortex.instrset/win/bin/../lib/gcc/arm-none-eabi/9.3.1/thumb/v7e-m+dp/hard/crtn.o
                0x20080000                _estack = (ORIGIN (RAM) + LENGTH (RAM))
                0x00000200                _Min_Heap_Size = 0x200
                0x00000400                _Min_Stack_Size = 0x400

.isr_vector     0x08000000      0x1f8
                0x08000000                . = ALIGN (0x4)
 *(.isr_vector)
 .isr_vector    0x08000000      0x1f8 startup_stm32f767zitx.o
                0x08000000                g_pfnVectors
                0x080001f8                . = ALIGN (0x4)

.text           0x080001f8     0x512c
                0x080001f8                . = ALIGN (0x4)
 *(.text)
 .text          0x080001f8       0x40 c:/programdata/matlab/supportpackages/r2023a/3p.instrset/gnuarm-armcortex.instrset/win/bin/../lib/gcc/arm-none-eabi/9.3.1/thumb/v7e-m+dp/hard/crtbegin.o
 *(.text*)
 .text.LL_TIM_GetCounterMode
                0x08000238       0x30 stm_timer_ll.o
 .text.LL_TIM_GetRepetitionCounter
                0x08000268       0x18 stm_timer_ll.o
 .text.LL_TIM_CC_EnableChannel
                0x08000280       0x22 stm_timer_ll.o
 .text.LL_TIM_CC_DisableChannel
                0x080002a2       0x24 stm_timer_ll.o
 .text.LL_TIM_EnableAllOutputs
                0x080002c6       0x20 stm_timer_ll.o
 .text.LL_TIM_EnableIT_UPDATE
                0x080002e6       0x20 stm_timer_ll.o
 .text.LL_TIM_DisableIT_UPDATE
                0x08000306       0x20 stm_timer_ll.o
 .text.LL_TIM_IsEnabledIT_UPDATE
                0x08000326       0x26 stm_timer_ll.o
 .text.LL_TIM_EnableIT_CC1
                0x0800034c       0x20 stm_timer_ll.o
 .text.LL_TIM_DisableIT_CC1
                0x0800036c       0x20 stm_timer_ll.o
 .text.LL_TIM_IsEnabledIT_CC1
                0x0800038c       0x26 stm_timer_ll.o
 .text.LL_TIM_EnableIT_CC2
                0x080003b2       0x20 stm_timer_ll.o
 .text.LL_TIM_DisableIT_CC2
                0x080003d2       0x20 stm_timer_ll.o
 .text.LL_TIM_IsEnabledIT_CC2
                0x080003f2       0x26 stm_timer_ll.o
 .text.LL_TIM_EnableIT_CC3
                0x08000418       0x20 stm_timer_ll.o
 .text.LL_TIM_DisableIT_CC3
                0x08000438       0x20 stm_timer_ll.o
 .text.LL_TIM_IsEnabledIT_CC3
                0x08000458       0x26 stm_timer_ll.o
 .text.LL_TIM_EnableIT_CC4
                0x0800047e       0x20 stm_timer_ll.o
 .text.LL_TIM_DisableIT_CC4
                0x0800049e       0x20 stm_timer_ll.o
 .text.LL_TIM_IsEnabledIT_CC4
                0x080004be       0x26 stm_timer_ll.o
 .text.LL_TIM_EnableIT_COM
                0x080004e4       0x20 stm_timer_ll.o
 .text.LL_TIM_DisableIT_COM
                0x08000504       0x20 stm_timer_ll.o
 .text.LL_TIM_IsEnabledIT_COM
                0x08000524       0x26 stm_timer_ll.o
 .text.LL_TIM_EnableIT_TRIG
                0x0800054a       0x20 stm_timer_ll.o
 .text.LL_TIM_DisableIT_TRIG
                0x0800056a       0x20 stm_timer_ll.o
 .text.LL_TIM_IsEnabledIT_TRIG
                0x0800058a       0x26 stm_timer_ll.o
 .text.LL_TIM_EnableIT_BRK
                0x080005b0       0x20 stm_timer_ll.o
 .text.LL_TIM_DisableIT_BRK
                0x080005d0       0x20 stm_timer_ll.o
 .text.LL_TIM_IsEnabledIT_BRK
                0x080005f0       0x26 stm_timer_ll.o
 .text.enableTimerInterrupts
                0x08000616      0x134 stm_timer_ll.o
                0x08000616                enableTimerInterrupts
 .text.disableTimerInterrupts
                0x0800074a      0x134 stm_timer_ll.o
                0x0800074a                disableTimerInterrupts
 *fill*         0x0800087e        0x2 
 .text.enableTimerChannel1
                0x08000880       0x78 stm_timer_ll.o
                0x08000880                enableTimerChannel1
 .text.disableTimerChannel1
                0x080008f8       0x78 stm_timer_ll.o
                0x080008f8                disableTimerChannel1
 .text.Timer_Handle_Init
                0x08000970       0xa4 stm_timer_ll.o
                0x08000970                Timer_Handle_Init
 .text.rt_OneStep
                0x08000a14       0x4c ert_main.o
                0x08000a14                rt_OneStep
 .text.main     0x08000a60       0xd8 ert_main.o
                0x08000a60                main
 .text.LL_TIM_EnableCounter
                0x08000b38       0x20 stm32_gettingstarted.o
 .text.LL_TIM_DisableCounter
                0x08000b58       0x20 stm32_gettingstarted.o
 .text.LL_TIM_SetUpdateSource
                0x08000b78       0x26 stm32_gettingstarted.o
 .text.LL_TIM_GetUpdateSource
                0x08000b9e       0x1c stm32_gettingstarted.o
 .text.LL_TIM_GetAutoReload
                0x08000bba       0x18 stm32_gettingstarted.o
 .text.LL_TIM_SetRepetitionCounter
                0x08000bd2       0x1c stm32_gettingstarted.o
 .text.LL_TIM_OC_SetCompareCH1
                0x08000bee       0x1c stm32_gettingstarted.o
 .text.LL_TIM_OC_GetCompareCH1
                0x08000c0a       0x18 stm32_gettingstarted.o
 .text.LL_TIM_GenerateEvent_UPDATE
                0x08000c22       0x20 stm32_gettingstarted.o
 .text.LL_GPIO_SetOutputPin
                0x08000c42       0x1c stm32_gettingstarted.o
 .text.LL_GPIO_ResetOutputPin
                0x08000c5e       0x1e stm32_gettingstarted.o
 .text.convertDutyCyclePercentageToCounts
                0x08000c7c       0x88 stm32_gettingstarted.o
 .text.setDutyCycleChannel1
                0x08000d04       0x30 stm32_gettingstarted.o
 .text.setDutyCycleInPercentageChannel1
                0x08000d34       0x28 stm32_gettingstarted.o
 .text.isSlaveTriggerModeEnabled
                0x08000d5c       0x3c stm32_gettingstarted.o
 .text.enableCounter
                0x08000d98       0xb8 stm32_gettingstarted.o
 .text.disableCounter
                0x08000e50       0x1a stm32_gettingstarted.o
 *fill*         0x08000e6a        0x2 
 .text.stm32_gettings_SystemCore_setup
                0x08000e6c       0x84 stm32_gettingstarted.o
 .text.stm32_gettingstarted_step
                0x08000ef0      0x144 stm32_gettingstarted.o
                0x08000ef0                stm32_gettingstarted_step
 .text.stm32_gettingstarted_initialize
                0x08001034       0x30 stm32_gettingstarted.o
                0x08001034                stm32_gettingstarted_initialize
 .text.stm32_gettingstarted_terminate
                0x08001064       0x58 stm32_gettingstarted.o
                0x08001064                stm32_gettingstarted_terminate
 .text.HAL_Delay
                0x080010bc       0x2e overrideHALDelay.o
                0x080010bc                HAL_Delay
 *fill*         0x080010ea        0x2 
 .text.PeriphCommonClock_Config
                0x080010ec       0x10 platform_timer.o
                0x080010ec                PeriphCommonClock_Config
 .text.__NVIC_SetPriority
                0x080010fc       0x54 SysTickScheduler.o
 .text.SysTick_Config
                0x08001150       0x44 SysTickScheduler.o
 .text.SysTick_Isr
                0x08001194       0x48 SysTickScheduler.o
 .text.SysTick_Handler
                0x080011dc       0x20 SysTickScheduler.o
                0x080011dc                SysTick_Handler
 .text.ARMCM_SysTick_Config
                0x080011fc       0xb0 SysTickScheduler.o
                0x080011fc                ARMCM_SysTick_Config
 .text.PendSV_Handler
                0x080012ac       0x44 m3m4m4f_multitasking.o
                0x080012ac                PendSV_Handler
 .text.SVC_Handler
                0x080012f0       0x58 m3m4m4f_multitasking.o
                0x080012f0                SVC_Handler
 .text.__NVIC_GetPriorityGrouping
                0x08001348       0x1c main.o
 .text.__NVIC_EnableIRQ
                0x08001364       0x3c main.o
 .text.__NVIC_SetPriority
                0x080013a0       0x54 main.o
 .text.NVIC_EncodePriority
                0x080013f4       0x66 main.o
 *fill*         0x0800145a        0x2 
 .text.LL_DMA_SetDataTransferDirection
                0x0800145c       0x48 main.o
 .text.LL_DMA_SetMode
                0x080014a4       0x48 main.o
 .text.LL_DMA_SetPeriphIncMode
                0x080014ec       0x48 main.o
 .text.LL_DMA_SetMemoryIncMode
                0x08001534       0x48 main.o
 .text.LL_DMA_SetPeriphSize
                0x0800157c       0x48 main.o
 .text.LL_DMA_SetMemorySize
                0x080015c4       0x48 main.o
 .text.LL_DMA_SetStreamPriorityLevel
                0x0800160c       0x48 main.o
 .text.LL_DMA_SetChannelSelection
                0x08001654       0x48 main.o
 .text.LL_DMA_DisableFifoMode
                0x0800169c       0x40 main.o
 .text.LL_RCC_HSE_EnableBypass
                0x080016dc       0x20 main.o
 .text.LL_RCC_HSE_Enable
                0x080016fc       0x20 main.o
 .text.LL_RCC_HSE_IsReady
                0x0800171c       0x28 main.o
 .text.LL_RCC_SetSysClkSource
                0x08001744       0x28 main.o
 .text.LL_RCC_GetSysClkSource
                0x0800176c       0x1c main.o
 .text.LL_RCC_SetAHBPrescaler
                0x08001788       0x28 main.o
 .text.LL_RCC_SetAPB1Prescaler
                0x080017b0       0x28 main.o
 .text.LL_RCC_SetAPB2Prescaler
                0x080017d8       0x28 main.o
 .text.LL_RCC_SetUSARTClockSource
                0x08001800       0x34 main.o
 .text.LL_RCC_PLL_Enable
                0x08001834       0x20 main.o
 .text.LL_RCC_PLL_IsReady
                0x08001854       0x28 main.o
 .text.LL_RCC_PLL_ConfigDomain_SYS
                0x0800187c       0x40 main.o
 .text.LL_RCC_PLL_ConfigDomain_48M
                0x080018bc       0x40 main.o
 .text.LL_AHB1_GRP1_EnableClock
                0x080018fc       0x30 main.o
 .text.LL_APB1_GRP1_EnableClock
                0x0800192c       0x30 main.o
 .text.LL_APB2_GRP1_EnableClock
                0x0800195c       0x30 main.o
 .text.LL_SYSCFG_SetEXTISource
                0x0800198c       0x6c main.o
 .text.LL_FLASH_SetLatency
                0x080019f8       0x28 main.o
 .text.LL_FLASH_GetLatency
                0x08001a20       0x1c main.o
 .text.LL_PWR_EnableOverDriveMode
                0x08001a3c       0x20 main.o
 .text.LL_PWR_SetRegulVoltageScaling
                0x08001a5c       0x28 main.o
 .text.LL_TIM_DisableARRPreload
                0x08001a84       0x20 main.o
 .text.LL_TIM_OC_DisableFast
                0x08001aa4       0xa4 main.o
 .text.LL_TIM_OC_EnablePreload
                0x08001b48       0xa0 main.o
 .text.LL_TIM_SetTriggerOutput
                0x08001be8       0x26 main.o
 .text.LL_TIM_SetTriggerOutput2
                0x08001c0e       0x26 main.o
 .text.LL_TIM_DisableMasterSlaveMode
                0x08001c34       0x20 main.o
 .text.LL_USART_Enable
                0x08001c54       0x20 main.o
 .text.LL_USART_ConfigAsyncMode
                0x08001c74       0x2c main.o
 .text.LL_GPIO_SetPinMode
                0x08001ca0       0x7a main.o
 .text.LL_GPIO_SetPinPull
                0x08001d1a       0x7a main.o
 .text.LL_GPIO_ResetOutputPin
                0x08001d94       0x1e main.o
 *fill*         0x08001db2        0x2 
 .text.SystemClock_Config
                0x08001db4       0xac main.o
                0x08001db4                SystemClock_Config
 .text.MX_TIM1_Init
                0x08001e60      0x140 main.o
                0x08001e60                MX_TIM1_Init
 .text.MX_USART3_UART_Init
                0x08001fa0      0x130 main.o
                0x08001fa0                MX_USART3_UART_Init
 .text.MX_USB_OTG_FS_PCD_Init
                0x080020d0       0x5c main.o
                0x080020d0                MX_USB_OTG_FS_PCD_Init
 .text.MX_DMA_Init
                0x0800212c       0x30 main.o
                0x0800212c                MX_DMA_Init
 .text.MX_GPIO_Init
                0x0800215c      0x2b4 main.o
                0x0800215c                MX_GPIO_Init
 .text.HAL_TIM_PeriodElapsedCallback
                0x08002410       0x24 main.o
                0x08002410                HAL_TIM_PeriodElapsedCallback
 .text.Error_Handler
                0x08002434        0xa main.o
                0x08002434                Error_Handler
 .text.NMI_Handler
                0x0800243e        0x6 stm32f7xx_it.o
                0x0800243e                NMI_Handler
 .text.HardFault_Handler
                0x08002444        0x6 stm32f7xx_it.o
                0x08002444                HardFault_Handler
 .text.MemManage_Handler
                0x0800244a        0x6 stm32f7xx_it.o
                0x0800244a                MemManage_Handler
 .text.BusFault_Handler
                0x08002450        0x6 stm32f7xx_it.o
                0x08002450                BusFault_Handler
 .text.UsageFault_Handler
                0x08002456        0x6 stm32f7xx_it.o
                0x08002456                UsageFault_Handler
 .text.DebugMon_Handler
                0x0800245c        0xe stm32f7xx_it.o
                0x0800245c                DebugMon_Handler
 .text.DMA1_Stream1_IRQHandler
                0x0800246a        0xe stm32f7xx_it.o
                0x0800246a                DMA1_Stream1_IRQHandler
 .text.TIM5_IRQHandler
                0x08002478       0x14 stm32f7xx_it.o
                0x08002478                TIM5_IRQHandler
 .text.LL_RCC_SetUSBClockSource
                0x0800248c       0x2c stm32f7xx_hal_msp.o
 .text.HAL_MspInit
                0x080024b8       0x48 stm32f7xx_hal_msp.o
                0x080024b8                HAL_MspInit
 .text.HAL_PCD_MspInit
                0x08002500       0xbc stm32f7xx_hal_msp.o
                0x08002500                HAL_PCD_MspInit
 .text.HAL_InitTick
                0x080025bc       0xb0 stm32f7xx_hal_timebase_tim.o
                0x080025bc                HAL_InitTick
 .text.LL_GPIO_SetPinMode
                0x0800266c       0x7a stm32f7xx_ll_gpio.o
 .text.LL_GPIO_SetPinOutputType
                0x080026e6       0x30 stm32f7xx_ll_gpio.o
 .text.LL_GPIO_SetPinSpeed
                0x08002716       0x7a stm32f7xx_ll_gpio.o
 .text.LL_GPIO_SetPinPull
                0x08002790       0x7a stm32f7xx_ll_gpio.o
 .text.LL_GPIO_SetAFPin_0_7
                0x0800280a       0x7a stm32f7xx_ll_gpio.o
 .text.LL_GPIO_SetAFPin_8_15
                0x08002884       0x7e stm32f7xx_ll_gpio.o
 .text.LL_GPIO_Init
                0x08002902      0x104 stm32f7xx_ll_gpio.o
                0x08002902                LL_GPIO_Init
 .text.HAL_TIM_Base_Init
                0x08002a06       0xae stm32f7xx_hal_tim.o
                0x08002a06                HAL_TIM_Base_Init
 .text.HAL_TIM_Base_MspInit
                0x08002ab4       0x14 stm32f7xx_hal_tim.o
                0x08002ab4                HAL_TIM_Base_MspInit
 .text.HAL_TIM_Base_Start_IT
                0x08002ac8       0xf0 stm32f7xx_hal_tim.o
                0x08002ac8                HAL_TIM_Base_Start_IT
 .text.HAL_TIM_IRQHandler
                0x08002bb8      0x23e stm32f7xx_hal_tim.o
                0x08002bb8                HAL_TIM_IRQHandler
 .text.HAL_TIM_OC_DelayElapsedCallback
                0x08002df6       0x14 stm32f7xx_hal_tim.o
                0x08002df6                HAL_TIM_OC_DelayElapsedCallback
 .text.HAL_TIM_IC_CaptureCallback
                0x08002e0a       0x14 stm32f7xx_hal_tim.o
                0x08002e0a                HAL_TIM_IC_CaptureCallback
 .text.HAL_TIM_PWM_PulseFinishedCallback
                0x08002e1e       0x14 stm32f7xx_hal_tim.o
                0x08002e1e                HAL_TIM_PWM_PulseFinishedCallback
 .text.HAL_TIM_TriggerCallback
                0x08002e32       0x14 stm32f7xx_hal_tim.o
                0x08002e32                HAL_TIM_TriggerCallback
 *fill*         0x08002e46        0x2 
 .text.TIM_Base_SetConfig
                0x08002e48      0x140 stm32f7xx_hal_tim.o
                0x08002e48                TIM_Base_SetConfig
 .text.HAL_TIMEx_CommutCallback
                0x08002f88       0x14 stm32f7xx_hal_tim_ex.o
                0x08002f88                HAL_TIMEx_CommutCallback
 .text.HAL_TIMEx_BreakCallback
                0x08002f9c       0x14 stm32f7xx_hal_tim_ex.o
                0x08002f9c                HAL_TIMEx_BreakCallback
 .text.HAL_TIMEx_Break2Callback
                0x08002fb0       0x14 stm32f7xx_hal_tim_ex.o
                0x08002fb0                HAL_TIMEx_Break2Callback
 .text.LL_TIM_SetPrescaler
                0x08002fc4       0x1c stm32f7xx_ll_tim.o
 .text.LL_TIM_SetAutoReload
                0x08002fe0       0x1c stm32f7xx_ll_tim.o
 .text.LL_TIM_SetRepetitionCounter
                0x08002ffc       0x1c stm32f7xx_ll_tim.o
 .text.LL_TIM_OC_SetCompareCH1
                0x08003018       0x1c stm32f7xx_ll_tim.o
 .text.LL_TIM_OC_SetCompareCH2
                0x08003034       0x1c stm32f7xx_ll_tim.o
 .text.LL_TIM_OC_SetCompareCH3
                0x08003050       0x1c stm32f7xx_ll_tim.o
 .text.LL_TIM_OC_SetCompareCH4
                0x0800306c       0x1c stm32f7xx_ll_tim.o
 .text.LL_TIM_OC_SetCompareCH5
                0x08003088       0x20 stm32f7xx_ll_tim.o
 .text.LL_TIM_OC_SetCompareCH6
                0x080030a8       0x1c stm32f7xx_ll_tim.o
 .text.LL_TIM_GenerateEvent_UPDATE
                0x080030c4       0x20 stm32f7xx_ll_tim.o
 .text.LL_TIM_Init
                0x080030e4      0x134 stm32f7xx_ll_tim.o
                0x080030e4                LL_TIM_Init
 .text.LL_TIM_OC_Init
                0x08003218       0xbe stm32f7xx_ll_tim.o
                0x08003218                LL_TIM_OC_Init
 *fill*         0x080032d6        0x2 
 .text.LL_TIM_BDTR_Init
                0x080032d8       0xf4 stm32f7xx_ll_tim.o
                0x080032d8                LL_TIM_BDTR_Init
 .text.OC1Config
                0x080033cc       0xdc stm32f7xx_ll_tim.o
 .text.OC2Config
                0x080034a8       0xe4 stm32f7xx_ll_tim.o
 .text.OC3Config
                0x0800358c       0xe4 stm32f7xx_ll_tim.o
 .text.OC4Config
                0x08003670       0xb4 stm32f7xx_ll_tim.o
 .text.OC5Config
                0x08003724       0xa4 stm32f7xx_ll_tim.o
 .text.OC6Config
                0x080037c8       0xa4 stm32f7xx_ll_tim.o
 .text.LL_RCC_HSI_IsReady
                0x0800386c       0x24 stm32f7xx_ll_rcc.o
 .text.LL_RCC_LSE_IsReady
                0x08003890       0x24 stm32f7xx_ll_rcc.o
 .text.LL_RCC_GetSysClkSource
                0x080038b4       0x1c stm32f7xx_ll_rcc.o
 .text.LL_RCC_GetAHBPrescaler
                0x080038d0       0x1c stm32f7xx_ll_rcc.o
 .text.LL_RCC_GetAPB1Prescaler
                0x080038ec       0x1c stm32f7xx_ll_rcc.o
 .text.LL_RCC_GetAPB2Prescaler
                0x08003908       0x1c stm32f7xx_ll_rcc.o
 .text.LL_RCC_GetUSARTClockSource
                0x08003924       0x28 stm32f7xx_ll_rcc.o
 .text.LL_RCC_GetUARTClockSource
                0x0800394c       0x28 stm32f7xx_ll_rcc.o
 .text.LL_RCC_PLL_GetMainSource
                0x08003974       0x1c stm32f7xx_ll_rcc.o
 .text.LL_RCC_PLL_GetN
                0x08003990       0x1c stm32f7xx_ll_rcc.o
 .text.LL_RCC_PLL_GetP
                0x080039ac       0x1c stm32f7xx_ll_rcc.o
 .text.LL_RCC_PLL_GetDivider
                0x080039c8       0x1c stm32f7xx_ll_rcc.o
 .text.LL_RCC_GetUSARTClockFreq
                0x080039e4      0x210 stm32f7xx_ll_rcc.o
                0x080039e4                LL_RCC_GetUSARTClockFreq
 .text.LL_RCC_GetUARTClockFreq
                0x08003bf4      0x214 stm32f7xx_ll_rcc.o
                0x08003bf4                LL_RCC_GetUARTClockFreq
 .text.RCC_GetSystemClockFreq
                0x08003e08       0x50 stm32f7xx_ll_rcc.o
                0x08003e08                RCC_GetSystemClockFreq
 .text.RCC_GetHCLKClockFreq
                0x08003e58       0x2c stm32f7xx_ll_rcc.o
                0x08003e58                RCC_GetHCLKClockFreq
 .text.RCC_GetPCLK1ClockFreq
                0x08003e84       0x28 stm32f7xx_ll_rcc.o
                0x08003e84                RCC_GetPCLK1ClockFreq
 .text.RCC_GetPCLK2ClockFreq
                0x08003eac       0x28 stm32f7xx_ll_rcc.o
                0x08003eac                RCC_GetPCLK2ClockFreq
 .text.RCC_PLL_GetFreqDomain_SYS
                0x08003ed4       0x6c stm32f7xx_ll_rcc.o
                0x08003ed4                RCC_PLL_GetFreqDomain_SYS
 .text.LL_SetSystemCoreClock
                0x08003f40       0x20 stm32f7xx_ll_utils.o
                0x08003f40                LL_SetSystemCoreClock
 .text.LL_EXTI_EnableIT_0_31
                0x08003f60       0x24 stm32f7xx_ll_exti.o
 .text.LL_EXTI_DisableIT_0_31
                0x08003f84       0x28 stm32f7xx_ll_exti.o
 .text.LL_EXTI_EnableEvent_0_31
                0x08003fac       0x24 stm32f7xx_ll_exti.o
 .text.LL_EXTI_DisableEvent_0_31
                0x08003fd0       0x28 stm32f7xx_ll_exti.o
 .text.LL_EXTI_EnableRisingTrig_0_31
                0x08003ff8       0x24 stm32f7xx_ll_exti.o
 .text.LL_EXTI_DisableRisingTrig_0_31
                0x0800401c       0x28 stm32f7xx_ll_exti.o
 .text.LL_EXTI_EnableFallingTrig_0_31
                0x08004044       0x24 stm32f7xx_ll_exti.o
 .text.LL_EXTI_DisableFallingTrig_0_31
                0x08004068       0x28 stm32f7xx_ll_exti.o
 .text.LL_EXTI_Init
                0x08004090      0x102 stm32f7xx_ll_exti.o
                0x08004090                LL_EXTI_Init
 *fill*         0x08004192        0x2 
 .text.HAL_RCC_GetHCLKFreq
                0x08004194       0x18 stm32f7xx_hal_rcc.o
                0x08004194                HAL_RCC_GetHCLKFreq
 .text.HAL_RCC_GetPCLK1Freq
                0x080041ac       0x28 stm32f7xx_hal_rcc.o
                0x080041ac                HAL_RCC_GetPCLK1Freq
 .text.HAL_RCC_GetClockConfig
                0x080041d4       0x64 stm32f7xx_hal_rcc.o
                0x080041d4                HAL_RCC_GetClockConfig
 .text.HAL_GPIO_Init
                0x08004238      0x358 stm32f7xx_hal_gpio.o
                0x08004238                HAL_GPIO_Init
 .text.__NVIC_SetPriorityGrouping
                0x08004590       0x48 stm32f7xx_hal_cortex.o
 .text.__NVIC_GetPriorityGrouping
                0x080045d8       0x1c stm32f7xx_hal_cortex.o
 .text.__NVIC_EnableIRQ
                0x080045f4       0x3c stm32f7xx_hal_cortex.o
 .text.__NVIC_SetPriority
                0x08004630       0x54 stm32f7xx_hal_cortex.o
 .text.NVIC_EncodePriority
                0x08004684       0x66 stm32f7xx_hal_cortex.o
 .text.HAL_NVIC_SetPriorityGrouping
                0x080046ea       0x16 stm32f7xx_hal_cortex.o
                0x080046ea                HAL_NVIC_SetPriorityGrouping
 .text.HAL_NVIC_SetPriority
                0x08004700       0x38 stm32f7xx_hal_cortex.o
                0x08004700                HAL_NVIC_SetPriority
 .text.HAL_NVIC_EnableIRQ
                0x08004738       0x1c stm32f7xx_hal_cortex.o
                0x08004738                HAL_NVIC_EnableIRQ
 .text.HAL_Init
                0x08004754       0x1a stm32f7xx_hal.o
                0x08004754                HAL_Init
 *fill*         0x0800476e        0x2 
 .text.HAL_IncTick
                0x08004770       0x28 stm32f7xx_hal.o
                0x08004770                HAL_IncTick
 .text.HAL_GetTick
                0x08004798       0x18 stm32f7xx_hal.o
                0x08004798                HAL_GetTick
 .text.LL_USART_IsEnabled
                0x080047b0       0x26 stm32f7xx_ll_usart.o
 .text.LL_USART_SetStopBitsLength
                0x080047d6       0x26 stm32f7xx_ll_usart.o
 .text.LL_USART_SetHWFlowCtrl
                0x080047fc       0x26 stm32f7xx_ll_usart.o
 .text.LL_USART_SetBaudRate
                0x08004822       0x6e stm32f7xx_ll_usart.o
 .text.LL_USART_Init
                0x08004890      0x140 stm32f7xx_ll_usart.o
                0x08004890                LL_USART_Init
 .text.HAL_PCD_Init
                0x080049d0      0x248 stm32f7xx_hal_pcd.o
                0x080049d0                HAL_PCD_Init
 .text.HAL_PCDEx_ActivateLPM
                0x08004c18       0x48 stm32f7xx_hal_pcd_ex.o
                0x08004c18                HAL_PCDEx_ActivateLPM
 .text.USB_CoreInit
                0x08004c60       0xb0 stm32f7xx_ll_usb.o
                0x08004c60                USB_CoreInit
 .text.USB_DisableGlobalInt
                0x08004d10       0x22 stm32f7xx_ll_usb.o
                0x08004d10                USB_DisableGlobalInt
 .text.USB_SetCurrentMode
                0x08004d32       0x98 stm32f7xx_ll_usb.o
                0x08004d32                USB_SetCurrentMode
 *fill*         0x08004dca        0x2 
 .text.USB_DevInit
                0x08004dcc      0x2bc stm32f7xx_ll_usb.o
                0x08004dcc                USB_DevInit
 .text.USB_FlushTxFifo
                0x08005088       0x64 stm32f7xx_ll_usb.o
                0x08005088                USB_FlushTxFifo
 .text.USB_FlushRxFifo
                0x080050ec       0x5c stm32f7xx_ll_usb.o
                0x080050ec                USB_FlushRxFifo
 .text.USB_SetDevSpeed
                0x08005148       0x32 stm32f7xx_ll_usb.o
                0x08005148                USB_SetDevSpeed
 .text.USB_DevDisconnect
                0x0800517a       0x42 stm32f7xx_ll_usb.o
                0x0800517a                USB_DevDisconnect
 .text.USB_GetMode
                0x080051bc       0x1c stm32f7xx_ll_usb.o
                0x080051bc                USB_GetMode
 .text.USB_CoreReset
                0x080051d8       0x64 stm32f7xx_ll_usb.o
 .text.SystemInit
                0x0800523c       0x24 system_stm32f7xx.o
                0x0800523c                SystemInit
 .text.Reset_Handler
                0x08005260       0x50 startup_stm32f767zitx.o
                0x08005260                Reset_Handler
 .text.Default_Handler
                0x080052b0        0x2 startup_stm32f767zitx.o
                0x080052b0                RTC_Alarm_IRQHandler
                0x080052b0                EXTI2_IRQHandler
                0x080052b0                TIM8_CC_IRQHandler
                0x080052b0                UART8_IRQHandler
                0x080052b0                SPI4_IRQHandler
                0x080052b0                TIM1_CC_IRQHandler
                0x080052b0                DMA2_Stream5_IRQHandler
                0x080052b0                JPEG_IRQHandler
                0x080052b0                DMA1_Stream5_IRQHandler
                0x080052b0                CAN3_RX1_IRQHandler
                0x080052b0                PVD_IRQHandler
                0x080052b0                TAMP_STAMP_IRQHandler
                0x080052b0                CAN2_RX1_IRQHandler
                0x080052b0                EXTI3_IRQHandler
                0x080052b0                TIM8_TRG_COM_TIM14_IRQHandler
                0x080052b0                DFSDM1_FLT1_IRQHandler
                0x080052b0                TIM1_UP_TIM10_IRQHandler
                0x080052b0                TIM8_UP_TIM13_IRQHandler
                0x080052b0                I2C3_ER_IRQHandler
                0x080052b0                DFSDM1_FLT2_IRQHandler
                0x080052b0                EXTI0_IRQHandler
                0x080052b0                I2C2_EV_IRQHandler
                0x080052b0                DMA1_Stream2_IRQHandler
                0x080052b0                CAN1_RX0_IRQHandler
                0x080052b0                FPU_IRQHandler
                0x080052b0                OTG_HS_WKUP_IRQHandler
                0x080052b0                CAN3_SCE_IRQHandler
                0x080052b0                LTDC_ER_IRQHandler
                0x080052b0                CAN2_SCE_IRQHandler
                0x080052b0                DMA2_Stream2_IRQHandler
                0x080052b0                SPI1_IRQHandler
                0x080052b0                TIM6_DAC_IRQHandler
                0x080052b0                TIM1_BRK_TIM9_IRQHandler
                0x080052b0                DCMI_IRQHandler
                0x080052b0                CAN2_RX0_IRQHandler
                0x080052b0                DMA2_Stream3_IRQHandler
                0x080052b0                SAI2_IRQHandler
                0x080052b0                DFSDM1_FLT3_IRQHandler
                0x080052b0                USART6_IRQHandler
                0x080052b0                CAN3_RX0_IRQHandler
                0x080052b0                USART3_IRQHandler
                0x080052b0                CAN1_RX1_IRQHandler
                0x080052b0                UART5_IRQHandler
                0x080052b0                DMA2_Stream0_IRQHandler
                0x080052b0                TIM4_IRQHandler
                0x080052b0                QUADSPI_IRQHandler
                0x080052b0                I2C1_EV_IRQHandler
                0x080052b0                DMA1_Stream6_IRQHandler
                0x080052b0                UART4_IRQHandler
                0x080052b0                TIM3_IRQHandler
                0x080052b0                RCC_IRQHandler
                0x080052b0                TIM8_BRK_TIM12_IRQHandler
                0x080052b0                Default_Handler
                0x080052b0                CEC_IRQHandler
                0x080052b0                EXTI15_10_IRQHandler
                0x080052b0                ADC_IRQHandler
                0x080052b0                DMA1_Stream7_IRQHandler
                0x080052b0                SPI5_IRQHandler
                0x080052b0                TIM7_IRQHandler
                0x080052b0                SDMMC1_IRQHandler
                0x080052b0                CAN2_TX_IRQHandler
                0x080052b0                DMA2_Stream7_IRQHandler
                0x080052b0                I2C3_EV_IRQHandler
                0x080052b0                EXTI9_5_IRQHandler
                0x080052b0                RTC_WKUP_IRQHandler
                0x080052b0                LTDC_IRQHandler
                0x080052b0                ETH_WKUP_IRQHandler
                0x080052b0                SPDIF_RX_IRQHandler
                0x080052b0                SPI2_IRQHandler
                0x080052b0                OTG_HS_EP1_IN_IRQHandler
                0x080052b0                DMA1_Stream0_IRQHandler
                0x080052b0                CAN1_TX_IRQHandler
                0x080052b0                EXTI4_IRQHandler
                0x080052b0                RNG_IRQHandler
                0x080052b0                ETH_IRQHandler
                0x080052b0                OTG_HS_EP1_OUT_IRQHandler
                0x080052b0                WWDG_IRQHandler
                0x080052b0                SPI6_IRQHandler
                0x080052b0                MDIOS_IRQHandler
                0x080052b0                I2C4_EV_IRQHandler
                0x080052b0                CAN3_TX_IRQHandler
                0x080052b0                TIM2_IRQHandler
                0x080052b0                OTG_FS_WKUP_IRQHandler
                0x080052b0                TIM1_TRG_COM_TIM11_IRQHandler
                0x080052b0                OTG_HS_IRQHandler
                0x080052b0                DMA2D_IRQHandler
                0x080052b0                EXTI1_IRQHandler
                0x080052b0                SDMMC2_IRQHandler
                0x080052b0                UART7_IRQHandler
                0x080052b0                USART2_IRQHandler
                0x080052b0                DFSDM1_FLT0_IRQHandler
                0x080052b0                I2C2_ER_IRQHandler
                0x080052b0                DMA2_Stream1_IRQHandler
                0x080052b0                CAN1_SCE_IRQHandler
                0x080052b0                FLASH_IRQHandler
                0x080052b0                DMA2_Stream4_IRQHandler
                0x080052b0                USART1_IRQHandler
                0x080052b0                OTG_FS_IRQHandler
                0x080052b0                SPI3_IRQHandler
                0x080052b0                DMA1_Stream4_IRQHandler
                0x080052b0                I2C1_ER_IRQHandler
                0x080052b0                FMC_IRQHandler
                0x080052b0                LPTIM1_IRQHandler
                0x080052b0                I2C4_ER_IRQHandler
                0x080052b0                DMA2_Stream6_IRQHandler
                0x080052b0                SAI1_IRQHandler
                0x080052b0                DMA1_Stream3_IRQHandler
 *fill*         0x080052b2        0x2 
 .text.__libc_init_array
                0x080052b4       0x48 c:/programdata/matlab/supportpackages/r2023a/3p.instrset/gnuarm-armcortex.instrset/win/bin/../lib/gcc/arm-none-eabi/9.3.1/../../../../arm-none-eabi/lib/thumb/v7e-m+dp/hard\libc_nano.a(lib_a-init.o)
                0x080052b4                __libc_init_array
 .text.memset   0x080052fc       0x10 c:/programdata/matlab/supportpackages/r2023a/3p.instrset/gnuarm-armcortex.instrset/win/bin/../lib/gcc/arm-none-eabi/9.3.1/../../../../arm-none-eabi/lib/thumb/v7e-m+dp/hard\libc_nano.a(lib_a-memset.o)
                0x080052fc                memset
 *(.glue_7)
 .glue_7        0x0800530c        0x0 linker stubs
 *(.glue_7t)
 .glue_7t       0x0800530c        0x0 linker stubs
 *(.eh_frame)
 .eh_frame      0x0800530c        0x0 c:/programdata/matlab/supportpackages/r2023a/3p.instrset/gnuarm-armcortex.instrset/win/bin/../lib/gcc/arm-none-eabi/9.3.1/thumb/v7e-m+dp/hard/crtbegin.o
 *(.init)
 .init          0x0800530c        0x4 c:/programdata/matlab/supportpackages/r2023a/3p.instrset/gnuarm-armcortex.instrset/win/bin/../lib/gcc/arm-none-eabi/9.3.1/thumb/v7e-m+dp/hard/crti.o
                0x0800530c                _init
 .init          0x08005310        0x8 c:/programdata/matlab/supportpackages/r2023a/3p.instrset/gnuarm-armcortex.instrset/win/bin/../lib/gcc/arm-none-eabi/9.3.1/thumb/v7e-m+dp/hard/crtn.o
 *(.fini)
 .fini          0x08005318        0x4 c:/programdata/matlab/supportpackages/r2023a/3p.instrset/gnuarm-armcortex.instrset/win/bin/../lib/gcc/arm-none-eabi/9.3.1/thumb/v7e-m+dp/hard/crti.o
                0x08005318                _fini
 .fini          0x0800531c        0x8 c:/programdata/matlab/supportpackages/r2023a/3p.instrset/gnuarm-armcortex.instrset/win/bin/../lib/gcc/arm-none-eabi/9.3.1/thumb/v7e-m+dp/hard/crtn.o
                0x08005324                . = ALIGN (0x4)
                0x08005324                _etext = .

.vfp11_veneer   0x08005324        0x0
 .vfp11_veneer  0x08005324        0x0 linker stubs

.v4_bx          0x08005324        0x0
 .v4_bx         0x08005324        0x0 linker stubs

.iplt           0x08005324        0x0
 .iplt          0x08005324        0x0 c:/programdata/matlab/supportpackages/r2023a/3p.instrset/gnuarm-armcortex.instrset/win/bin/../lib/gcc/arm-none-eabi/9.3.1/thumb/v7e-m+dp/hard/crtbegin.o

.rodata         0x08005324       0x3c
                0x08005324                . = ALIGN (0x4)
 *(.rodata)
 *(.rodata*)
 .rodata.stm32_gettingstarted_M
                0x08005324        0x4 stm32_gettingstarted.o
                0x08005324                stm32_gettingstarted_M
 .rodata.STREAM_OFFSET_TAB
                0x08005328        0x8 main.o
 .rodata.OFFSET_TAB_CCMRx
                0x08005330        0x9 main.o
 *fill*         0x08005339        0x3 
 .rodata.SHIFT_TAB_OCxx
                0x0800533c        0x9 main.o
 *fill*         0x08005345        0x3 
 .rodata.AHBPrescTable
                0x08005348       0x10 system_stm32f7xx.o
                0x08005348                AHBPrescTable
 .rodata.APBPrescTable
                0x08005358        0x8 system_stm32f7xx.o
                0x08005358                APBPrescTable
                0x08005360                . = ALIGN (0x4)

.rel.dyn        0x08005360        0x0
 .rel.iplt      0x08005360        0x0 c:/programdata/matlab/supportpackages/r2023a/3p.instrset/gnuarm-armcortex.instrset/win/bin/../lib/gcc/arm-none-eabi/9.3.1/thumb/v7e-m+dp/hard/crtbegin.o

.ARM.extab      0x08005360        0x0
                0x08005360                . = ALIGN (0x4)
 *(.ARM.extab* .gnu.linkonce.armextab.*)
                0x08005360                . = ALIGN (0x4)

.ARM            0x08005360        0x0
                0x08005360                . = ALIGN (0x4)
                0x08005360                __exidx_start = .
 *(.ARM.exidx*)
                0x08005360                __exidx_end = .
                0x08005360                . = ALIGN (0x4)

.preinit_array  0x08005360        0x0
                0x08005360                . = ALIGN (0x4)
                0x08005360                PROVIDE (__preinit_array_start = .)
 *(.preinit_array*)
                0x08005360                PROVIDE (__preinit_array_end = .)
                0x08005360                . = ALIGN (0x4)

.init_array     0x08005360        0x4
                0x08005360                . = ALIGN (0x4)
                0x08005360                PROVIDE (__init_array_start = .)
 *(SORT_BY_NAME(.init_array.*))
 *(.init_array*)
 .init_array    0x08005360        0x4 c:/programdata/matlab/supportpackages/r2023a/3p.instrset/gnuarm-armcortex.instrset/win/bin/../lib/gcc/arm-none-eabi/9.3.1/thumb/v7e-m+dp/hard/crtbegin.o
                0x08005364                PROVIDE (__init_array_end = .)
                0x08005364                . = ALIGN (0x4)

.fini_array     0x08005364        0x4
                0x08005364                . = ALIGN (0x4)
                [!provide]                PROVIDE (__fini_array_start = .)
 *(SORT_BY_NAME(.fini_array.*))
 *(.fini_array*)
 .fini_array    0x08005364        0x4 c:/programdata/matlab/supportpackages/r2023a/3p.instrset/gnuarm-armcortex.instrset/win/bin/../lib/gcc/arm-none-eabi/9.3.1/thumb/v7e-m+dp/hard/crtbegin.o
                [!provide]                PROVIDE (__fini_array_end = .)
                0x08005368                . = ALIGN (0x4)
                0x08005368                _sidata = LOADADDR (.data)

.data           0x20000000       0x48 load address 0x08005368
                0x20000000                . = ALIGN (0x4)
                0x20000000                _sdata = .
 *(.data)
 *(.data*)
 .data.stm32_gettingstarted_P
                0x20000000       0x40 stm32_gettingstarted_data.o
                0x20000000                stm32_gettingstarted_P
 .data.uwTickFreq
                0x20000040        0x1 stm32f7xx_hal.o
                0x20000040                uwTickFreq
 *fill*         0x20000041        0x3 
 .data.SystemCoreClock
                0x20000044        0x4 system_stm32f7xx.o
                0x20000044                SystemCoreClock
 *(.RamFunc)
 *(.RamFunc*)
                0x20000048                . = ALIGN (0x4)
                0x20000048                _edata = .

.igot.plt       0x20000048        0x0 load address 0x080053b0
 .igot.plt      0x20000048        0x0 c:/programdata/matlab/supportpackages/r2023a/3p.instrset/gnuarm-armcortex.instrset/win/bin/../lib/gcc/arm-none-eabi/9.3.1/thumb/v7e-m+dp/hard/crtbegin.o
                0x20000048                . = ALIGN (0x4)

.bss            0x20000048      0x530 load address 0x080053b0
                0x20000048                _sbss = .
                0x20000048                __bss_start__ = _sbss
 *(.bss)
 .bss           0x20000048       0x1c c:/programdata/matlab/supportpackages/r2023a/3p.instrset/gnuarm-armcortex.instrset/win/bin/../lib/gcc/arm-none-eabi/9.3.1/thumb/v7e-m+dp/hard/crtbegin.o
 *(.bss*)
 .bss.IsrOverrun
                0x20000064        0x4 ert_main.o
                0x20000064                IsrOverrun
 .bss.OverrunFlag
                0x20000068        0x1 ert_main.o
 *fill*         0x20000069        0x3 
 .bss.stm32_gettingstarted_M_
                0x2000006c        0x4 stm32_gettingstarted.o
 *(COMMON)
 COMMON         0x20000070       0x8c stm_timer_ll.o
                0x20000070                mw_tim1
 COMMON         0x200000fc        0x2 ert_main.o
                0x200000fc                runModel
                0x200000fd                stopRequested
 *fill*         0x200000fe        0x2 
 COMMON         0x20000100       0x18 stm32_gettingstarted.o
                0x20000100                stm32_gettingstarted_DW
 COMMON         0x20000118        0x8 SysTickScheduler.o
                0x20000118                schdl_counter_max
                0x2000011c                schdl_counter
 COMMON         0x20000120        0x4 m3m4m4f_multitasking.o
                0x20000120                taskToSchedule
 COMMON         0x20000124      0x404 main.o
                0x20000124                hpcd_USB_OTG_FS
 COMMON         0x20000528       0x4c stm32f7xx_hal_timebase_tim.o
                0x20000528                htim5
 COMMON         0x20000574        0x4 stm32f7xx_hal.o
                0x20000574                uwTick
                0x20000578                . = ALIGN (0x4)
                0x20000578                _ebss = .
                0x20000578                __bss_end__ = _ebss

._user_heap_stack
                0x20000578      0x600 load address 0x080053b0
                0x20000578                . = ALIGN (0x8)
                [!provide]                PROVIDE (end = .)
                0x20000578                PROVIDE (_end = .)
                0x20000778                . = (. + _Min_Heap_Size)
 *fill*         0x20000578      0x200 
                0x20000b78                . = (. + _Min_Stack_Size)
 *fill*         0x20000778      0x400 
                0x20000b78                . = ALIGN (0x8)

/DISCARD/
 libc.a(*)
 libm.a(*)
 libgcc.a(*)

.ARM.attributes
                0x00000000       0x2e
 *(.ARM.attributes)
 .ARM.attributes
                0x00000000       0x1e c:/programdata/matlab/supportpackages/r2023a/3p.instrset/gnuarm-armcortex.instrset/win/bin/../lib/gcc/arm-none-eabi/9.3.1/thumb/v7e-m+dp/hard/crti.o
 .ARM.attributes
                0x0000001e       0x32 c:/programdata/matlab/supportpackages/r2023a/3p.instrset/gnuarm-armcortex.instrset/win/bin/../lib/gcc/arm-none-eabi/9.3.1/thumb/v7e-m+dp/hard/crtbegin.o
 .ARM.attributes
                0x00000050       0x32 stm_timer_ll.o
 .ARM.attributes
                0x00000082       0x32 ert_main.o
 .ARM.attributes
                0x000000b4       0x32 stm32_gettingstarted.o
 .ARM.attributes
                0x000000e6       0x37 stm32_gettingstarted_data.o
 .ARM.attributes
                0x0000011d       0x32 overrideHALDelay.o
 .ARM.attributes
                0x0000014f       0x32 platform_timer.o
 .ARM.attributes
                0x00000181       0x32 SysTickScheduler.o
 .ARM.attributes
                0x000001b3       0x32 m3m4m4f_multitasking.o
 .ARM.attributes
                0x000001e5       0x32 main.o
 .ARM.attributes
                0x00000217       0x32 stm32f7xx_it.o
 .ARM.attributes
                0x00000249       0x32 stm32f7xx_hal_msp.o
 .ARM.attributes
                0x0000027b       0x32 stm32f7xx_hal_timebase_tim.o
 .ARM.attributes
                0x000002ad       0x32 stm32f7xx_ll_gpio.o
 .ARM.attributes
                0x000002df       0x32 stm32f7xx_hal_tim.o
 .ARM.attributes
                0x00000311       0x32 stm32f7xx_hal_tim_ex.o
 .ARM.attributes
                0x00000343       0x32 stm32f7xx_ll_tim.o
 .ARM.attributes
                0x00000375       0x32 stm32f7xx_ll_rcc.o
 .ARM.attributes
                0x000003a7       0x32 stm32f7xx_ll_utils.o
 .ARM.attributes
                0x000003d9       0x32 stm32f7xx_ll_exti.o
 .ARM.attributes
                0x0000040b       0x32 stm32f7xx_hal_rcc.o
 .ARM.attributes
                0x0000043d       0x32 stm32f7xx_hal_gpio.o
 .ARM.attributes
                0x0000046f       0x32 stm32f7xx_hal_cortex.o
 .ARM.attributes
                0x000004a1       0x32 stm32f7xx_hal.o
 .ARM.attributes
                0x000004d3       0x32 stm32f7xx_ll_usart.o
 .ARM.attributes
                0x00000505       0x32 stm32f7xx_hal_pcd.o
 .ARM.attributes
                0x00000537       0x32 stm32f7xx_hal_pcd_ex.o
 .ARM.attributes
                0x00000569       0x32 stm32f7xx_ll_usb.o
 .ARM.attributes
                0x0000059b       0x32 system_stm32f7xx.o
 .ARM.attributes
                0x000005cd       0x21 startup_stm32f767zitx.o
 .ARM.attributes
                0x000005ee       0x32 c:/programdata/matlab/supportpackages/r2023a/3p.instrset/gnuarm-armcortex.instrset/win/bin/../lib/gcc/arm-none-eabi/9.3.1/../../../../arm-none-eabi/lib/thumb/v7e-m+dp/hard\libc_nano.a(lib_a-init.o)
 .ARM.attributes
                0x00000620       0x32 c:/programdata/matlab/supportpackages/r2023a/3p.instrset/gnuarm-armcortex.instrset/win/bin/../lib/gcc/arm-none-eabi/9.3.1/../../../../arm-none-eabi/lib/thumb/v7e-m+dp/hard\libc_nano.a(lib_a-memset.o)
 .ARM.attributes
                0x00000652       0x1e c:/programdata/matlab/supportpackages/r2023a/3p.instrset/gnuarm-armcortex.instrset/win/bin/../lib/gcc/arm-none-eabi/9.3.1/thumb/v7e-m+dp/hard/crtn.o
OUTPUT(../stm32_gettingstarted.elf elf32-littlearm)
LOAD linker stubs
LOAD c:/programdata/matlab/supportpackages/r2023a/3p.instrset/gnuarm-armcortex.instrset/win/bin/../lib/gcc/arm-none-eabi/9.3.1/../../../../arm-none-eabi/lib/thumb/v7e-m+dp/hard\libc.a
LOAD c:/programdata/matlab/supportpackages/r2023a/3p.instrset/gnuarm-armcortex.instrset/win/bin/../lib/gcc/arm-none-eabi/9.3.1/../../../../arm-none-eabi/lib/thumb/v7e-m+dp/hard\libm.a
LOAD c:/programdata/matlab/supportpackages/r2023a/3p.instrset/gnuarm-armcortex.instrset/win/bin/../lib/gcc/arm-none-eabi/9.3.1/thumb/v7e-m+dp/hard\libgcc.a

.comment        0x00000000       0x4c
 .comment       0x00000000       0x4c stm_timer_ll.o
                                 0x4d (size before relaxing)
 .comment       0x0000004c       0x4d ert_main.o
 .comment       0x0000004c       0x4d stm32_gettingstarted.o
 .comment       0x0000004c       0x4d stm32_gettingstarted_data.o
 .comment       0x0000004c       0x4d overrideHALDelay.o
 .comment       0x0000004c       0x4d platform_timer.o
 .comment       0x0000004c       0x4d SysTickScheduler.o
 .comment       0x0000004c       0x4d m3m4m4f_multitasking.o
 .comment       0x0000004c       0x4d main.o
 .comment       0x0000004c       0x4d stm32f7xx_it.o
 .comment       0x0000004c       0x4d stm32f7xx_hal_msp.o
 .comment       0x0000004c       0x4d stm32f7xx_hal_timebase_tim.o
 .comment       0x0000004c       0x4d stm32f7xx_ll_gpio.o
 .comment       0x0000004c       0x4d stm32f7xx_hal_tim.o
 .comment       0x0000004c       0x4d stm32f7xx_hal_tim_ex.o
 .comment       0x0000004c       0x4d stm32f7xx_ll_tim.o
 .comment       0x0000004c       0x4d stm32f7xx_ll_rcc.o
 .comment       0x0000004c       0x4d stm32f7xx_ll_utils.o
 .comment       0x0000004c       0x4d stm32f7xx_ll_exti.o
 .comment       0x0000004c       0x4d stm32f7xx_hal_rcc.o
 .comment       0x0000004c       0x4d stm32f7xx_hal_gpio.o
 .comment       0x0000004c       0x4d stm32f7xx_hal_cortex.o
 .comment       0x0000004c       0x4d stm32f7xx_hal.o
 .comment       0x0000004c       0x4d stm32f7xx_ll_usart.o
 .comment       0x0000004c       0x4d stm32f7xx_hal_pcd.o
 .comment       0x0000004c       0x4d stm32f7xx_hal_pcd_ex.o
 .comment       0x0000004c       0x4d stm32f7xx_ll_usb.o
 .comment       0x0000004c       0x4d system_stm32f7xx.o

.debug_frame    0x00000000       0x4c
 .debug_frame   0x00000000       0x2c c:/programdata/matlab/supportpackages/r2023a/3p.instrset/gnuarm-armcortex.instrset/win/bin/../lib/gcc/arm-none-eabi/9.3.1/../../../../arm-none-eabi/lib/thumb/v7e-m+dp/hard\libc_nano.a(lib_a-init.o)
 .debug_frame   0x0000002c       0x20 c:/programdata/matlab/supportpackages/r2023a/3p.instrset/gnuarm-armcortex.instrset/win/bin/../lib/gcc/arm-none-eabi/9.3.1/../../../../arm-none-eabi/lib/thumb/v7e-m+dp/hard\libc_nano.a(lib_a-memset.o)
